<area shape="rect" href="$class_p_o_m_element.html" title="POMElement" alt="" coords="7,139,121,168">
<area shape="rect" href="$class_p_o_m_annotation.html" title="POMAnnotation" alt="" coords="177,59,311,88">
<area shape="rect" href="$class_p_o_m_dcb_element.html" title="POMDcbElement" alt="" coords="172,139,316,168">
<area shape="rect" href="$class_p_o_m_simple_text.html" title="POMSimpleText" alt="" coords="176,192,312,221">
<area shape="rect" href="$class_p_o_m_category.html" title="POMCategory" alt="" coords="404,5,527,35">
<area shape="rect" href="$class_p_o_m_property.html" title="POMProperty" alt="" coords="405,59,525,88">
<area shape="rect" href="$class_p_o_m_parser_function.html" title="POMParserFunction" alt="" coords="381,112,549,141">
<area shape="rect" href="$class_p_o_m_template.html" title="POMTemplate" alt="" coords="404,165,527,195">
<area shape="rect" href="$class_p_o_m_template_parameter.html" title="POMTemplateParameter" alt="" coords="367,219,564,248">
<area shape="rect" href="$class_p_o_m_built_in_parser_function.html" title="POMBuiltInParserFunction" alt="" coords="644,59,857,88">
<area shape="rect" href="$class_p_o_m_extension_parser_function.html" title="POMExtensionParserFunction" alt="" coords="631,112,871,141">
<area shape="rect" href="$class_p_o_m_ask_function.html" title="POMAskFunction" alt="" coords="937,112,1084,141">
<area shape="rect" href="$class_p_o_m_template_invalid_parameter.html" title="POMTemplateInvalidParameter" alt="" coords="629,165,872,195">
<area shape="rect" href="$class_p_o_m_template_named_parameter.html" title="POMTemplateNamedParameter" alt="" coords="627,219,875,248">
<area shape="rect" href="$class_p_o_m_template_numbered_parameter.html" title="POMTemplateNumberedParameter" alt="" coords="615,272,887,301">
